   1              		.cpu arm9
   2              		.fpu softvfp
   3              		.eabi_attribute 20, 1
   4              		.eabi_attribute 21, 1
   5              		.eabi_attribute 23, 3
   6              		.eabi_attribute 24, 1
   7              		.eabi_attribute 25, 1
   8              		.eabi_attribute 26, 1
   9              		.eabi_attribute 30, 4
  10              		.eabi_attribute 34, 0
  11              		.eabi_attribute 18, 4
  12              		.file	"PhysicsMaster.cpp"
  13              		.text
  14              	.Ltext0:
  15              		.cfi_sections	.debug_frame
  16              		.align	2
  17              		.global	_ZN9tinyUnity13PhysicsMasterD2Ev
  19              	_ZN9tinyUnity13PhysicsMasterD2Ev:
  20              	.LFB488:
  21              		.file 1 "../source/tinyUnity/PhysicsMaster.cpp"
   1:../source/tinyUnity/PhysicsMaster.cpp **** /*
   2:../source/tinyUnity/PhysicsMaster.cpp ****  * PhysicsMaster.cpp
   3:../source/tinyUnity/PhysicsMaster.cpp ****  *
   4:../source/tinyUnity/PhysicsMaster.cpp ****  *  Created on: 2013-06-15
   5:../source/tinyUnity/PhysicsMaster.cpp ****  *      Author: awiebe
   6:../source/tinyUnity/PhysicsMaster.cpp ****  */
   7:../source/tinyUnity/PhysicsMaster.cpp **** 
   8:../source/tinyUnity/PhysicsMaster.cpp **** #include "PhysicsMaster.h"
   9:../source/tinyUnity/PhysicsMaster.cpp **** 
  10:../source/tinyUnity/PhysicsMaster.cpp **** namespace tinyUnity {
  11:../source/tinyUnity/PhysicsMaster.cpp **** 
  12:../source/tinyUnity/PhysicsMaster.cpp **** PhysicsMaster::PhysicsMaster() {
  13:../source/tinyUnity/PhysicsMaster.cpp **** 	// TODO Auto-generated constructor stub
  14:../source/tinyUnity/PhysicsMaster.cpp **** 
  15:../source/tinyUnity/PhysicsMaster.cpp **** }
  16:../source/tinyUnity/PhysicsMaster.cpp **** 
  17:../source/tinyUnity/PhysicsMaster.cpp **** PhysicsMaster::~PhysicsMaster() {
  22              		.loc 1 17 0
  23              		.cfi_startproc
  24              		@ Function supports interworking.
  25              		@ args = 0, pretend = 0, frame = 0
  26              		@ frame_needed = 0, uses_anonymous_args = 0
  27              		@ link register save eliminated.
  28              	.LVL0:
  29              	.LBB5:
  30              		.loc 1 17 0
  31 0000 04309FE5 		ldr	r3, .L2
  32 0004 003080E5 		str	r3, [r0]
  33              	.LBE5:
  18:../source/tinyUnity/PhysicsMaster.cpp **** 	// TODO Auto-generated destructor stub
  19:../source/tinyUnity/PhysicsMaster.cpp **** }
  34              		.loc 1 19 0
  35 0008 1EFF2FE1 		bx	lr
  36              	.L3:
  37              		.align	2
  38              	.L2:
  39 000c 08000000 		.word	.LANCHOR0+8
  40              		.cfi_endproc
  41              	.LFE488:
  43              		.global	_ZN9tinyUnity13PhysicsMasterD1Ev
  44              		.set	_ZN9tinyUnity13PhysicsMasterD1Ev,_ZN9tinyUnity13PhysicsMasterD2Ev
  45              		.align	2
  46              		.global	_ZN9tinyUnity13PhysicsMasterD0Ev
  48              	_ZN9tinyUnity13PhysicsMasterD0Ev:
  49              	.LFB490:
  17:../source/tinyUnity/PhysicsMaster.cpp **** 	// TODO Auto-generated destructor stub
  50              		.loc 1 17 0
  51              		.cfi_startproc
  52              		@ Function supports interworking.
  53              		@ args = 0, pretend = 0, frame = 0
  54              		@ frame_needed = 0, uses_anonymous_args = 0
  55              	.LVL1:
  56 0010 10402DE9 		stmfd	sp!, {r4, lr}
  57              	.LCFI0:
  58              		.cfi_def_cfa_offset 8
  59              		.cfi_offset 4, -8
  60              		.cfi_offset 14, -4
  61              	.LBB6:
  62              	.LBB7:
  17:../source/tinyUnity/PhysicsMaster.cpp **** 	// TODO Auto-generated destructor stub
  63              		.loc 1 17 0
  64 0014 14309FE5 		ldr	r3, .L5
  65              	.LBE7:
  66              	.LBE6:
  67 0018 0040A0E1 		mov	r4, r0
  68              	.LBB9:
  69              	.LBB8:
  70 001c 003080E5 		str	r3, [r0]
  71              	.LBE8:
  72              	.LBE9:
  73              		.loc 1 19 0
  74 0020 FEFFFFEB 		bl	_ZdlPv
  75              	.LVL2:
  76 0024 0400A0E1 		mov	r0, r4
  77 0028 1040BDE8 		ldmfd	sp!, {r4, lr}
  78              	.LVL3:
  79 002c 1EFF2FE1 		bx	lr
  80              	.L6:
  81              		.align	2
  82              	.L5:
  83 0030 08000000 		.word	.LANCHOR0+8
  84              		.cfi_endproc
  85              	.LFE490:
  87              		.align	2
  88              		.global	_ZN9tinyUnity13PhysicsMasterC2Ev
  90              	_ZN9tinyUnity13PhysicsMasterC2Ev:
  91              	.LFB485:
  12:../source/tinyUnity/PhysicsMaster.cpp **** 	// TODO Auto-generated constructor stub
  92              		.loc 1 12 0
  93              		.cfi_startproc
  94              		@ Function supports interworking.
  95              		@ args = 0, pretend = 0, frame = 0
  96              		@ frame_needed = 0, uses_anonymous_args = 0
  97              		@ link register save eliminated.
  98              	.LVL4:
  99              	.LBB10:
  12:../source/tinyUnity/PhysicsMaster.cpp **** 	// TODO Auto-generated constructor stub
 100              		.loc 1 12 0
 101 0034 04309FE5 		ldr	r3, .L8
 102 0038 003080E5 		str	r3, [r0]
 103              	.LBE10:
  15:../source/tinyUnity/PhysicsMaster.cpp **** 
 104              		.loc 1 15 0
 105 003c 1EFF2FE1 		bx	lr
 106              	.L9:
 107              		.align	2
 108              	.L8:
 109 0040 08000000 		.word	.LANCHOR0+8
 110              		.cfi_endproc
 111              	.LFE485:
 113              		.global	_ZN9tinyUnity13PhysicsMasterC1Ev
 114              		.set	_ZN9tinyUnity13PhysicsMasterC1Ev,_ZN9tinyUnity13PhysicsMasterC2Ev
 115              		.global	_ZTVN9tinyUnity13PhysicsMasterE
 116              		.section	.rodata
 117              		.align	3
 118              		.set	.LANCHOR0,. + 0
 121              	_ZTVN9tinyUnity13PhysicsMasterE:
 122 0000 00000000 		.word	0
 123 0004 00000000 		.word	0
 124 0008 00000000 		.word	_ZN9tinyUnity13PhysicsMasterD1Ev
 125 000c 00000000 		.word	_ZN9tinyUnity13PhysicsMasterD0Ev
 126              		.text
 127              	.Letext0:
 128              		.file 2 "/Users/awiebe/devkitPro/devkitARM/arm-none-eabi/include/c++/4.8.2/arm-none-eabi/bits/c++c
 129              		.file 3 "/Users/awiebe/devkitPro/devkitARM/arm-none-eabi/include/c++/4.8.2/ext/new_allocator.h"
 130              		.file 4 "/Users/awiebe/devkitPro/devkitARM/arm-none-eabi/include/c++/4.8.2/bits/cpp_type_traits.h"
 131              		.file 5 "/Users/awiebe/devkitPro/devkitARM/arm-none-eabi/include/c++/4.8.2/debug/debug.h"
 132              		.file 6 "../source/tinyUnity/PhysicsMaster.h"
 133              		.file 7 "<built-in>"
 134              		.file 8 "/Users/awiebe/devkitPro/devkitARM/arm-none-eabi/include/c++/4.8.2/new"
DEFINED SYMBOLS
                            *ABS*:00000000 PhysicsMaster.cpp
/var/folders/0q/0rgskkgj3ms6cdw3tql51gsc0000gv/T//cclpzYsz.s:16     .text:00000000 $a
/var/folders/0q/0rgskkgj3ms6cdw3tql51gsc0000gv/T//cclpzYsz.s:19     .text:00000000 _ZN9tinyUnity13PhysicsMasterD2Ev
/var/folders/0q/0rgskkgj3ms6cdw3tql51gsc0000gv/T//cclpzYsz.s:39     .text:0000000c $d
/var/folders/0q/0rgskkgj3ms6cdw3tql51gsc0000gv/T//cclpzYsz.s:19     .text:00000000 _ZN9tinyUnity13PhysicsMasterD1Ev
/var/folders/0q/0rgskkgj3ms6cdw3tql51gsc0000gv/T//cclpzYsz.s:45     .text:00000010 $a
/var/folders/0q/0rgskkgj3ms6cdw3tql51gsc0000gv/T//cclpzYsz.s:48     .text:00000010 _ZN9tinyUnity13PhysicsMasterD0Ev
/var/folders/0q/0rgskkgj3ms6cdw3tql51gsc0000gv/T//cclpzYsz.s:83     .text:00000030 $d
/var/folders/0q/0rgskkgj3ms6cdw3tql51gsc0000gv/T//cclpzYsz.s:87     .text:00000034 $a
/var/folders/0q/0rgskkgj3ms6cdw3tql51gsc0000gv/T//cclpzYsz.s:90     .text:00000034 _ZN9tinyUnity13PhysicsMasterC2Ev
/var/folders/0q/0rgskkgj3ms6cdw3tql51gsc0000gv/T//cclpzYsz.s:109    .text:00000040 $d
/var/folders/0q/0rgskkgj3ms6cdw3tql51gsc0000gv/T//cclpzYsz.s:90     .text:00000034 _ZN9tinyUnity13PhysicsMasterC1Ev
/var/folders/0q/0rgskkgj3ms6cdw3tql51gsc0000gv/T//cclpzYsz.s:121    .rodata:00000000 _ZTVN9tinyUnity13PhysicsMasterE
/var/folders/0q/0rgskkgj3ms6cdw3tql51gsc0000gv/T//cclpzYsz.s:117    .rodata:00000000 $d
                     .debug_frame:00000010 $d
                           .group:00000000 wm4.1.ef717f0b0fe6f53a02cd0d67063b9d5b
                           .group:00000000 wm4.newlib.h.8.30891898d18e8c5555d1f81eacc760e7
                           .group:00000000 wm4.features.h.22.6a4ca7cd053637cc1d0db6c16f39b2d7
                           .group:00000000 wm4.config.h.212.4163ef2871a828c674038d036b081cfd
                           .group:00000000 wm4._ansi.h.23.ec336385f0acb2b8514cd40ae0acc4ae
                           .group:00000000 wm4.stdlib.h.13.4ed386f5c1a80d71e72172885d946ef2
                           .group:00000000 wm4.stddef.h.184.ee8e6917b4e86549ab466905cf65c430
                           .group:00000000 wm4.stddef.h.39.14405de79e849c7e89fd312e10f494ac
                           .group:00000000 wm4._default_types.h.6.9e4229723f5523536bc8f574589d6a99
                           .group:00000000 wm4.lock.h.2.9bc98482741e5e2a9450b12934a684ea
                           .group:00000000 wm4._types.h.54.d3d34a3b7f3cc230cd159baf022b4b08
                           .group:00000000 wm4.stddef.h.158.e57d9a24f6f3b6eaa274e44743a335a7
                           .group:00000000 wm4.reent.h.17.8bd9e4098e0428508c282cad794fae43
                           .group:00000000 wm4.alloca.h.8.dfc0c703c47ec3e69746825b17d9e66d
                           .group:00000000 wm4.stdlib.h.53.1a82a3cc35cb0a04319c41bcf41d2a02
                           .group:00000000 wm4.cconfig.h.31.797f02f88fd1ddbfee82d99dd1b479e3
                           .group:00000000 wm4.cconfig.h.434.069089a5f433cea001bd4e8dc11c2229
                           .group:00000000 wm4.exception_defines.h.31.b944334bb23842f2d39bb0d8b467613a
                           .group:00000000 wm4.numeric_traits.h.30.aa01a98564b7e55086aad9e53c7e5c53
                           .group:00000000 wm4.concept_check.h.31.3d579f007de71573a5abea960f72bfb9
                           .group:00000000 wm4.move.h.145.4b06c65520ac6c631f0bce14e08d77ba
                           .group:00000000 wm4.debug.h.30.d58369f6a5680b4507179eb46c141328
                           .group:00000000 wm4.stl_iterator.h.61.cbfa7ffe68f3dce8a2b1dd0d976aa9d2
                           .group:00000000 wm4.stl_algobase.h.497.0479359017b8dfc6c11e65de61b7ec36

UNDEFINED SYMBOLS
_ZdlPv
