   1              		.cpu arm9
   2              		.fpu softvfp
   3              		.eabi_attribute 20, 1
   4              		.eabi_attribute 21, 1
   5              		.eabi_attribute 23, 3
   6              		.eabi_attribute 24, 1
   7              		.eabi_attribute 25, 1
   8              		.eabi_attribute 26, 1
   9              		.eabi_attribute 30, 6
  10              		.eabi_attribute 34, 0
  11              		.eabi_attribute 18, 4
  12              		.file	"Mesh.cpp"
  13              		.text
  14              	.Ltext0:
  15              		.cfi_sections	.debug_frame
  16              		.data
  17              		.align	2
  20              	_ZL6glGlob:
  21 0000 00000000 		.word	glGlobalData
  22              		.text
  23              		.align	2
  24              		.global	_ZN9tinyUnity4MeshC2EPNS_7SubMeshE
  26              	_ZN9tinyUnity4MeshC2EPNS_7SubMeshE:
  27              	.LFB187:
  28              		.file 1 "../source/tinyUnity/Mesh.cpp"
   1:../source/tinyUnity/Mesh.cpp **** /*
   2:../source/tinyUnity/Mesh.cpp ****  * Mesh.cpp
   3:../source/tinyUnity/Mesh.cpp ****  *
   4:../source/tinyUnity/Mesh.cpp ****  *  Created on: 2013-06-15
   5:../source/tinyUnity/Mesh.cpp ****  *      Author: awiebe
   6:../source/tinyUnity/Mesh.cpp ****  */
   7:../source/tinyUnity/Mesh.cpp **** 
   8:../source/tinyUnity/Mesh.cpp **** #include "Mesh.h"
   9:../source/tinyUnity/Mesh.cpp **** 
  10:../source/tinyUnity/Mesh.cpp **** namespace tinyUnity
  11:../source/tinyUnity/Mesh.cpp **** {
  12:../source/tinyUnity/Mesh.cpp **** Mesh::Mesh(SubMesh* submeshes) {
  29              		.loc 1 12 0
  30              		.cfi_startproc
  31              		@ Function supports interworking.
  32              		@ args = 0, pretend = 0, frame = 8
  33              		@ frame_needed = 1, uses_anonymous_args = 0
  34              		@ link register save eliminated.
  35 0000 04B02DE5 		str	fp, [sp, #-4]!
  36              	.LCFI0:
  37              		.cfi_def_cfa_offset 4
  38              		.cfi_offset 11, -4
  39 0004 00B08DE2 		add	fp, sp, #0
  40              	.LCFI1:
  41              		.cfi_def_cfa_register 11
  42 0008 0CD04DE2 		sub	sp, sp, #12
  43 000c 08000BE5 		str	r0, [fp, #-8]
  44 0010 0C100BE5 		str	r1, [fp, #-12]
  45              	.LBB2:
  46              		.loc 1 12 0
  47 0014 08301BE5 		ldr	r3, [fp, #-8]
  48 0018 14209FE5 		ldr	r2, .L4
  49 001c 002083E5 		str	r2, [r3]
  50              	.LBE2:
  13:../source/tinyUnity/Mesh.cpp **** 	// TODO Auto-generated constructor stub
  14:../source/tinyUnity/Mesh.cpp **** 
  15:../source/tinyUnity/Mesh.cpp **** }
  51              		.loc 1 15 0
  52 0020 08301BE5 		ldr	r3, [fp, #-8]
  53 0024 0300A0E1 		mov	r0, r3
  54 0028 00D04BE2 		sub	sp, fp, #0
  55              		@ sp needed
  56 002c 04B09DE4 		ldr	fp, [sp], #4
  57 0030 1EFF2FE1 		bx	lr
  58              	.L5:
  59              		.align	2
  60              	.L4:
  61 0034 08000000 		.word	_ZTVN9tinyUnity4MeshE+8
  62              		.cfi_endproc
  63              	.LFE187:
  65              		.global	_ZN9tinyUnity4MeshC1EPNS_7SubMeshE
  66              		.set	_ZN9tinyUnity4MeshC1EPNS_7SubMeshE,_ZN9tinyUnity4MeshC2EPNS_7SubMeshE
  67              		.align	2
  68              		.global	_ZN9tinyUnity4MeshC2EPl
  70              	_ZN9tinyUnity4MeshC2EPl:
  71              	.LFB190:
  16:../source/tinyUnity/Mesh.cpp **** 
  17:../source/tinyUnity/Mesh.cpp **** Mesh::Mesh(DisplayList list )
  72              		.loc 1 17 0
  73              		.cfi_startproc
  74              		@ Function supports interworking.
  75              		@ args = 0, pretend = 0, frame = 8
  76              		@ frame_needed = 1, uses_anonymous_args = 0
  77              		@ link register save eliminated.
  78 0038 04B02DE5 		str	fp, [sp, #-4]!
  79              	.LCFI2:
  80              		.cfi_def_cfa_offset 4
  81              		.cfi_offset 11, -4
  82 003c 00B08DE2 		add	fp, sp, #0
  83              	.LCFI3:
  84              		.cfi_def_cfa_register 11
  85 0040 0CD04DE2 		sub	sp, sp, #12
  86 0044 08000BE5 		str	r0, [fp, #-8]
  87 0048 0C100BE5 		str	r1, [fp, #-12]
  88              	.LBB3:
  89              		.loc 1 17 0
  90 004c 08301BE5 		ldr	r3, [fp, #-8]
  91 0050 14209FE5 		ldr	r2, .L9
  92 0054 002083E5 		str	r2, [r3]
  93              	.LBE3:
  18:../source/tinyUnity/Mesh.cpp **** {
  19:../source/tinyUnity/Mesh.cpp **** 	// TODO Auto-generated constructor stub
  20:../source/tinyUnity/Mesh.cpp **** 
  21:../source/tinyUnity/Mesh.cpp **** }
  94              		.loc 1 21 0
  95 0058 08301BE5 		ldr	r3, [fp, #-8]
  96 005c 0300A0E1 		mov	r0, r3
  97 0060 00D04BE2 		sub	sp, fp, #0
  98              		@ sp needed
  99 0064 04B09DE4 		ldr	fp, [sp], #4
 100 0068 1EFF2FE1 		bx	lr
 101              	.L10:
 102              		.align	2
 103              	.L9:
 104 006c 08000000 		.word	_ZTVN9tinyUnity4MeshE+8
 105              		.cfi_endproc
 106              	.LFE190:
 108              		.global	_ZN9tinyUnity4MeshC1EPl
 109              		.set	_ZN9tinyUnity4MeshC1EPl,_ZN9tinyUnity4MeshC2EPl
 110              		.align	2
 111              		.global	_ZN9tinyUnity4MeshD2Ev
 113              	_ZN9tinyUnity4MeshD2Ev:
 114              	.LFB193:
  22:../source/tinyUnity/Mesh.cpp **** 
  23:../source/tinyUnity/Mesh.cpp **** Mesh::~Mesh() {
 115              		.loc 1 23 0
 116              		.cfi_startproc
 117              		@ Function supports interworking.
 118              		@ args = 0, pretend = 0, frame = 8
 119              		@ frame_needed = 1, uses_anonymous_args = 0
 120 0070 00482DE9 		stmfd	sp!, {fp, lr}
 121              	.LCFI4:
 122              		.cfi_def_cfa_offset 8
 123              		.cfi_offset 11, -8
 124              		.cfi_offset 14, -4
 125 0074 04B08DE2 		add	fp, sp, #4
 126              	.LCFI5:
 127              		.cfi_def_cfa 11, 4
 128 0078 08D04DE2 		sub	sp, sp, #8
 129 007c 08000BE5 		str	r0, [fp, #-8]
 130              	.LBB4:
 131              		.loc 1 23 0
 132 0080 08301BE5 		ldr	r3, [fp, #-8]
 133 0084 28209FE5 		ldr	r2, .L15
 134 0088 002083E5 		str	r2, [r3]
 135              	.LBE4:
  24:../source/tinyUnity/Mesh.cpp **** 	// TODO Auto-generated destructor stub
  25:../source/tinyUnity/Mesh.cpp **** }
 136              		.loc 1 25 0
 137 008c 0030A0E3 		mov	r3, #0
 138 0090 000053E3 		cmp	r3, #0
 139 0094 0100000A 		beq	.L13
 140              		.loc 1 25 0 is_stmt 0 discriminator 1
 141 0098 08001BE5 		ldr	r0, [fp, #-8]
 142 009c FEFFFFEB 		bl	_ZdlPv
 143              	.L13:
 144              		.loc 1 25 0 discriminator 2
 145 00a0 08301BE5 		ldr	r3, [fp, #-8]
 146 00a4 0300A0E1 		mov	r0, r3
 147 00a8 04D04BE2 		sub	sp, fp, #4
 148              		@ sp needed
 149 00ac 0048BDE8 		ldmfd	sp!, {fp, lr}
 150 00b0 1EFF2FE1 		bx	lr
 151              	.L16:
 152              		.align	2
 153              	.L15:
 154 00b4 08000000 		.word	_ZTVN9tinyUnity4MeshE+8
 155              		.cfi_endproc
 156              	.LFE193:
 158              		.global	_ZN9tinyUnity4MeshD1Ev
 159              		.set	_ZN9tinyUnity4MeshD1Ev,_ZN9tinyUnity4MeshD2Ev
 160              		.align	2
 161              		.global	_ZN9tinyUnity4MeshD0Ev
 163              	_ZN9tinyUnity4MeshD0Ev:
 164              	.LFB195:
  23:../source/tinyUnity/Mesh.cpp **** 	// TODO Auto-generated destructor stub
 165              		.loc 1 23 0 is_stmt 1
 166              		.cfi_startproc
 167              		@ Function supports interworking.
 168              		@ args = 0, pretend = 0, frame = 8
 169              		@ frame_needed = 1, uses_anonymous_args = 0
 170 00b8 00482DE9 		stmfd	sp!, {fp, lr}
 171              	.LCFI6:
 172              		.cfi_def_cfa_offset 8
 173              		.cfi_offset 11, -8
 174              		.cfi_offset 14, -4
 175 00bc 04B08DE2 		add	fp, sp, #4
 176              	.LCFI7:
 177              		.cfi_def_cfa 11, 4
 178 00c0 08D04DE2 		sub	sp, sp, #8
 179 00c4 08000BE5 		str	r0, [fp, #-8]
 180              		.loc 1 25 0
 181 00c8 08001BE5 		ldr	r0, [fp, #-8]
 182 00cc FEFFFFEB 		bl	_ZN9tinyUnity4MeshD1Ev
 183 00d0 08001BE5 		ldr	r0, [fp, #-8]
 184 00d4 FEFFFFEB 		bl	_ZdlPv
 185 00d8 08301BE5 		ldr	r3, [fp, #-8]
 186 00dc 0300A0E1 		mov	r0, r3
 187 00e0 04D04BE2 		sub	sp, fp, #4
 188              		@ sp needed
 189 00e4 0048BDE8 		ldmfd	sp!, {fp, lr}
 190 00e8 1EFF2FE1 		bx	lr
 191              		.cfi_endproc
 192              	.LFE195:
 194              		.global	_ZTVN9tinyUnity4MeshE
 195              		.section	.rodata
 196              		.align	3
 199              	_ZTVN9tinyUnity4MeshE:
 200 0000 00000000 		.word	0
 201 0004 00000000 		.word	0
 202 0008 00000000 		.word	_ZN9tinyUnity4MeshD1Ev
 203 000c 00000000 		.word	_ZN9tinyUnity4MeshD0Ev
 204              		.text
 205              	.Letext0:
 206              		.file 2 "/Users/awiebe/devkitPro/devkitARM/arm-none-eabi/include/machine/_default_types.h"
 207              		.file 3 "/Users/awiebe/devkitPro/devkitARM/arm-none-eabi/include/stdint.h"
 208              		.file 4 "/Users/awiebe/devkitPro/libnds/include/nds/ndstypes.h"
 209              		.file 5 "/Users/awiebe/devkitPro/libnds/include/nds/system.h"
 210              		.file 6 "/Users/awiebe/devkitPro/libnds/include/nds/arm9/dynamicArray.h"
 211              		.file 7 "/Users/awiebe/devkitPro/libnds/include/nds/arm9/background.h"
 212              		.file 8 "/Users/awiebe/devkitPro/libnds/include/nds/arm9/videoGL.h"
 213              		.file 9 "/Users/awiebe/devkitPro/libnds/include/nds/arm9/sprite.h"
 214              		.file 10 "../source/tinyUnity/Mesh.h"
 215              		.file 11 "../source/tinyUnity/types.h"
 216              		.file 12 "/Users/awiebe/devkitPro/libnds/include/nds/arm9/video.h"
DEFINED SYMBOLS
                            *ABS*:00000000 Mesh.cpp
/var/folders/0q/0rgskkgj3ms6cdw3tql51gsc0000gv/T//cc5ez5eO.s:17     .data:00000000 $d
/var/folders/0q/0rgskkgj3ms6cdw3tql51gsc0000gv/T//cc5ez5eO.s:20     .data:00000000 _ZL6glGlob
/var/folders/0q/0rgskkgj3ms6cdw3tql51gsc0000gv/T//cc5ez5eO.s:23     .text:00000000 $a
/var/folders/0q/0rgskkgj3ms6cdw3tql51gsc0000gv/T//cc5ez5eO.s:26     .text:00000000 _ZN9tinyUnity4MeshC2EPNS_7SubMeshE
/var/folders/0q/0rgskkgj3ms6cdw3tql51gsc0000gv/T//cc5ez5eO.s:61     .text:00000034 $d
/var/folders/0q/0rgskkgj3ms6cdw3tql51gsc0000gv/T//cc5ez5eO.s:199    .rodata:00000000 _ZTVN9tinyUnity4MeshE
/var/folders/0q/0rgskkgj3ms6cdw3tql51gsc0000gv/T//cc5ez5eO.s:26     .text:00000000 _ZN9tinyUnity4MeshC1EPNS_7SubMeshE
/var/folders/0q/0rgskkgj3ms6cdw3tql51gsc0000gv/T//cc5ez5eO.s:67     .text:00000038 $a
/var/folders/0q/0rgskkgj3ms6cdw3tql51gsc0000gv/T//cc5ez5eO.s:70     .text:00000038 _ZN9tinyUnity4MeshC2EPl
/var/folders/0q/0rgskkgj3ms6cdw3tql51gsc0000gv/T//cc5ez5eO.s:104    .text:0000006c $d
/var/folders/0q/0rgskkgj3ms6cdw3tql51gsc0000gv/T//cc5ez5eO.s:70     .text:00000038 _ZN9tinyUnity4MeshC1EPl
/var/folders/0q/0rgskkgj3ms6cdw3tql51gsc0000gv/T//cc5ez5eO.s:110    .text:00000070 $a
/var/folders/0q/0rgskkgj3ms6cdw3tql51gsc0000gv/T//cc5ez5eO.s:113    .text:00000070 _ZN9tinyUnity4MeshD2Ev
/var/folders/0q/0rgskkgj3ms6cdw3tql51gsc0000gv/T//cc5ez5eO.s:154    .text:000000b4 $d
/var/folders/0q/0rgskkgj3ms6cdw3tql51gsc0000gv/T//cc5ez5eO.s:113    .text:00000070 _ZN9tinyUnity4MeshD1Ev
/var/folders/0q/0rgskkgj3ms6cdw3tql51gsc0000gv/T//cc5ez5eO.s:160    .text:000000b8 $a
/var/folders/0q/0rgskkgj3ms6cdw3tql51gsc0000gv/T//cc5ez5eO.s:163    .text:000000b8 _ZN9tinyUnity4MeshD0Ev
/var/folders/0q/0rgskkgj3ms6cdw3tql51gsc0000gv/T//cc5ez5eO.s:196    .rodata:00000000 $d
                     .debug_frame:00000010 $d
                           .group:00000000 wm4.1.7940548cbb415e0ae4b2385326857eac
                           .group:00000000 wm4.nds.h.219.3a246e32827d01484c32560cb6386a4e
                           .group:00000000 wm4.libversion.h.2.18bf62264b22c269b0002d03167cd230
                           .group:00000000 wm4.stdint.h.4.659be5aa44c4ab4eb7c7cc2b24d8ceee
                           .group:00000000 wm4.features.h.22.6a4ca7cd053637cc1d0db6c16f39b2d7
                           .group:00000000 wm4._default_types.h.15.8b2cb27e528498f8ff711db085d6e489
                           .group:00000000 wm4.stdint.h.20.796e373797e732130a803d4c0338fa1b
                           .group:00000000 wm4.stdbool.h.29.918586c125f920236001deb211f41e92
                           .group:00000000 wm4.ndstypes.h.43.843a766a29031d4e29a34080490bc9e7
                           .group:00000000 wm4.bios.h.152.378f3b1fd073814d612a1ba3332493e4
                           .group:00000000 wm4.card.h.35.5af8b1d928ff6ee2d22f183e9cc6cbe4
                           .group:00000000 wm4.dma.h.46.470076ab039e7830357de3d6642dfa27
                           .group:00000000 wm4.interrupts.h.36.0043cda252880b023f6c6ebf569dd321
                           .group:00000000 wm4.ipc.h.30.fbcd65cbf2747d2105139787728cf9e6
                           .group:00000000 wm4.memory.h.33.5d65bad382e61a8ebefcc049f5d87b52
                           .group:00000000 wm4.system.h.37.48409549d245f15638a161f782a42fc7
                           .group:00000000 wm4.timers.h.39.4b84c7e880d6307c6b835d087ae7883b
                           .group:00000000 wm4.input.h.26.668c351ed5998cd41b7cf188a22bed7c
                           .group:00000000 wm4.newlib.h.8.30891898d18e8c5555d1f81eacc760e7
                           .group:00000000 wm4.config.h.212.4163ef2871a828c674038d036b081cfd
                           .group:00000000 wm4._ansi.h.23.dab33ce643b14ed3207d08fca482d2c9
                           .group:00000000 wm4.stdlib.h.13.4ed386f5c1a80d71e72172885d946ef2
                           .group:00000000 wm4.stddef.h.184.ee8e6917b4e86549ab466905cf65c430
                           .group:00000000 wm4.stddef.h.39.7a7c9736cc6d4c59c817f754af461a43
                           .group:00000000 wm4.lock.h.2.9bc98482741e5e2a9450b12934a684ea
                           .group:00000000 wm4._types.h.54.d3d34a3b7f3cc230cd159baf022b4b08
                           .group:00000000 wm4.stddef.h.158.e57d9a24f6f3b6eaa274e44743a335a7
                           .group:00000000 wm4.reent.h.17.8bd9e4098e0428508c282cad794fae43
                           .group:00000000 wm4.stdlib.h.53.a73f7e963d962393b7f9086194931e4a
                           .group:00000000 wm4.cdefs.h.56.862c22ff4fc3f08ba284da94c8439388
                           .group:00000000 wm4.string.h.15.dab3980bf35408a4c507182805e2de3a
                           .group:00000000 wm4.stddef.h.158.bfd00fa34c523ce50423876e66a2d374
                           .group:00000000 wm4.malloc.h.4.62bd13b8107d5245f60bd92bb5994838
                           .group:00000000 wm4.malloc.h.148.73b7de3bd065dafbd594b04197a9466e
                           .group:00000000 wm4.sassert.h.35.09af1094f947be321ad495ba445e020a
                           .group:00000000 wm4.video.h.100.1e8430a318c8dbd537397e7b54f75e06
                           .group:00000000 wm4.background.h.126.e2819423dbec0f01a2c161be17215d1b
                           .group:00000000 wm4.trig_lut.h.31.05e8d4f6471e5776263e413a2d294f89
                           .group:00000000 wm4.math.h.33.ee7a4ca882824fafdd2f17cf66692f53
                           .group:00000000 wm4.videoGL.h.52.c73e1a09c4f988160d4a8ba260f501f7
                           .group:00000000 wm4.exceptions.h.25.52606812c666ab6cfd8bf635c7f2a084
                           .group:00000000 wm4.guitarGrip.h.26.5ddf3818ecb5c8b4af08c800ce313a80
                           .group:00000000 wm4.piano.h.29.f45975aa2219b49eb0380c2585d1f4b5
                           .group:00000000 wm4.rumble.h.29.041709ebb3e71022d49e6e8cd0c3ddfc
                           .group:00000000 wm4.sprite.h.48.d5d68d7969c43c17fbe48e3349c2572c

UNDEFINED SYMBOLS
glGlobalData
_ZdlPv
