   1              		.cpu arm9
   2              		.fpu softvfp
   3              		.eabi_attribute 20, 1
   4              		.eabi_attribute 21, 1
   5              		.eabi_attribute 23, 3
   6              		.eabi_attribute 24, 1
   7              		.eabi_attribute 25, 1
   8              		.eabi_attribute 26, 1
   9              		.eabi_attribute 30, 6
  10              		.eabi_attribute 34, 0
  11              		.eabi_attribute 18, 4
  12              		.file	"PhysicsMaster.cpp"
  13              		.text
  14              	.Ltext0:
  15              		.cfi_sections	.debug_frame
  16              		.align	2
  17              		.global	_ZN9tinyUnity13PhysicsMasterC2Ev
  19              	_ZN9tinyUnity13PhysicsMasterC2Ev:
  20              	.LFB485:
  21              		.file 1 "../source/tinyUnity/PhysicsMaster.cpp"
   1:../source/tinyUnity/PhysicsMaster.cpp **** /*
   2:../source/tinyUnity/PhysicsMaster.cpp ****  * PhysicsMaster.cpp
   3:../source/tinyUnity/PhysicsMaster.cpp ****  *
   4:../source/tinyUnity/PhysicsMaster.cpp ****  *  Created on: 2013-06-15
   5:../source/tinyUnity/PhysicsMaster.cpp ****  *      Author: awiebe
   6:../source/tinyUnity/PhysicsMaster.cpp ****  */
   7:../source/tinyUnity/PhysicsMaster.cpp **** 
   8:../source/tinyUnity/PhysicsMaster.cpp **** #include "PhysicsMaster.h"
   9:../source/tinyUnity/PhysicsMaster.cpp **** 
  10:../source/tinyUnity/PhysicsMaster.cpp **** namespace tinyUnity {
  11:../source/tinyUnity/PhysicsMaster.cpp **** 
  12:../source/tinyUnity/PhysicsMaster.cpp **** PhysicsMaster::PhysicsMaster() {
  22              		.loc 1 12 0
  23              		.cfi_startproc
  24              		@ Function supports interworking.
  25              		@ args = 0, pretend = 0, frame = 8
  26              		@ frame_needed = 1, uses_anonymous_args = 0
  27              		@ link register save eliminated.
  28 0000 04B02DE5 		str	fp, [sp, #-4]!
  29              	.LCFI0:
  30              		.cfi_def_cfa_offset 4
  31              		.cfi_offset 11, -4
  32 0004 00B08DE2 		add	fp, sp, #0
  33              	.LCFI1:
  34              		.cfi_def_cfa_register 11
  35 0008 0CD04DE2 		sub	sp, sp, #12
  36 000c 08000BE5 		str	r0, [fp, #-8]
  37              	.LBB2:
  38              		.loc 1 12 0
  39 0010 08301BE5 		ldr	r3, [fp, #-8]
  40 0014 14209FE5 		ldr	r2, .L4
  41 0018 002083E5 		str	r2, [r3]
  42              	.LBE2:
  13:../source/tinyUnity/PhysicsMaster.cpp **** 	// TODO Auto-generated constructor stub
  14:../source/tinyUnity/PhysicsMaster.cpp **** 
  15:../source/tinyUnity/PhysicsMaster.cpp **** }
  43              		.loc 1 15 0
  44 001c 08301BE5 		ldr	r3, [fp, #-8]
  45 0020 0300A0E1 		mov	r0, r3
  46 0024 00D04BE2 		sub	sp, fp, #0
  47              		@ sp needed
  48 0028 04B09DE4 		ldr	fp, [sp], #4
  49 002c 1EFF2FE1 		bx	lr
  50              	.L5:
  51              		.align	2
  52              	.L4:
  53 0030 08000000 		.word	_ZTVN9tinyUnity13PhysicsMasterE+8
  54              		.cfi_endproc
  55              	.LFE485:
  57              		.global	_ZN9tinyUnity13PhysicsMasterC1Ev
  58              		.set	_ZN9tinyUnity13PhysicsMasterC1Ev,_ZN9tinyUnity13PhysicsMasterC2Ev
  59              		.align	2
  60              		.global	_ZN9tinyUnity13PhysicsMasterD2Ev
  62              	_ZN9tinyUnity13PhysicsMasterD2Ev:
  63              	.LFB488:
  16:../source/tinyUnity/PhysicsMaster.cpp **** 
  17:../source/tinyUnity/PhysicsMaster.cpp **** PhysicsMaster::~PhysicsMaster() {
  64              		.loc 1 17 0
  65              		.cfi_startproc
  66              		@ Function supports interworking.
  67              		@ args = 0, pretend = 0, frame = 8
  68              		@ frame_needed = 1, uses_anonymous_args = 0
  69 0034 00482DE9 		stmfd	sp!, {fp, lr}
  70              	.LCFI2:
  71              		.cfi_def_cfa_offset 8
  72              		.cfi_offset 11, -8
  73              		.cfi_offset 14, -4
  74 0038 04B08DE2 		add	fp, sp, #4
  75              	.LCFI3:
  76              		.cfi_def_cfa 11, 4
  77 003c 08D04DE2 		sub	sp, sp, #8
  78 0040 08000BE5 		str	r0, [fp, #-8]
  79              	.LBB3:
  80              		.loc 1 17 0
  81 0044 08301BE5 		ldr	r3, [fp, #-8]
  82 0048 28209FE5 		ldr	r2, .L10
  83 004c 002083E5 		str	r2, [r3]
  84              	.LBE3:
  18:../source/tinyUnity/PhysicsMaster.cpp **** 	// TODO Auto-generated destructor stub
  19:../source/tinyUnity/PhysicsMaster.cpp **** }
  85              		.loc 1 19 0
  86 0050 0030A0E3 		mov	r3, #0
  87 0054 000053E3 		cmp	r3, #0
  88 0058 0100000A 		beq	.L8
  89              		.loc 1 19 0 is_stmt 0 discriminator 1
  90 005c 08001BE5 		ldr	r0, [fp, #-8]
  91 0060 FEFFFFEB 		bl	_ZdlPv
  92              	.L8:
  93              		.loc 1 19 0 discriminator 2
  94 0064 08301BE5 		ldr	r3, [fp, #-8]
  95 0068 0300A0E1 		mov	r0, r3
  96 006c 04D04BE2 		sub	sp, fp, #4
  97              		@ sp needed
  98 0070 0048BDE8 		ldmfd	sp!, {fp, lr}
  99 0074 1EFF2FE1 		bx	lr
 100              	.L11:
 101              		.align	2
 102              	.L10:
 103 0078 08000000 		.word	_ZTVN9tinyUnity13PhysicsMasterE+8
 104              		.cfi_endproc
 105              	.LFE488:
 107              		.global	_ZN9tinyUnity13PhysicsMasterD1Ev
 108              		.set	_ZN9tinyUnity13PhysicsMasterD1Ev,_ZN9tinyUnity13PhysicsMasterD2Ev
 109              		.align	2
 110              		.global	_ZN9tinyUnity13PhysicsMasterD0Ev
 112              	_ZN9tinyUnity13PhysicsMasterD0Ev:
 113              	.LFB490:
  17:../source/tinyUnity/PhysicsMaster.cpp **** 	// TODO Auto-generated destructor stub
 114              		.loc 1 17 0 is_stmt 1
 115              		.cfi_startproc
 116              		@ Function supports interworking.
 117              		@ args = 0, pretend = 0, frame = 8
 118              		@ frame_needed = 1, uses_anonymous_args = 0
 119 007c 00482DE9 		stmfd	sp!, {fp, lr}
 120              	.LCFI4:
 121              		.cfi_def_cfa_offset 8
 122              		.cfi_offset 11, -8
 123              		.cfi_offset 14, -4
 124 0080 04B08DE2 		add	fp, sp, #4
 125              	.LCFI5:
 126              		.cfi_def_cfa 11, 4
 127 0084 08D04DE2 		sub	sp, sp, #8
 128 0088 08000BE5 		str	r0, [fp, #-8]
 129              		.loc 1 19 0
 130 008c 08001BE5 		ldr	r0, [fp, #-8]
 131 0090 FEFFFFEB 		bl	_ZN9tinyUnity13PhysicsMasterD1Ev
 132 0094 08001BE5 		ldr	r0, [fp, #-8]
 133 0098 FEFFFFEB 		bl	_ZdlPv
 134 009c 08301BE5 		ldr	r3, [fp, #-8]
 135 00a0 0300A0E1 		mov	r0, r3
 136 00a4 04D04BE2 		sub	sp, fp, #4
 137              		@ sp needed
 138 00a8 0048BDE8 		ldmfd	sp!, {fp, lr}
 139 00ac 1EFF2FE1 		bx	lr
 140              		.cfi_endproc
 141              	.LFE490:
 143              		.global	_ZTVN9tinyUnity13PhysicsMasterE
 144              		.section	.rodata
 145              		.align	3
 148              	_ZTVN9tinyUnity13PhysicsMasterE:
 149 0000 00000000 		.word	0
 150 0004 00000000 		.word	0
 151 0008 00000000 		.word	_ZN9tinyUnity13PhysicsMasterD1Ev
 152 000c 00000000 		.word	_ZN9tinyUnity13PhysicsMasterD0Ev
 153              		.text
 154              	.Letext0:
 155              		.file 2 "/Users/awiebe/devkitPro/devkitARM/arm-none-eabi/include/c++/4.8.2/arm-none-eabi/bits/c++c
 156              		.file 3 "/Users/awiebe/devkitPro/devkitARM/arm-none-eabi/include/c++/4.8.2/ext/new_allocator.h"
 157              		.file 4 "/Users/awiebe/devkitPro/devkitARM/arm-none-eabi/include/c++/4.8.2/bits/cpp_type_traits.h"
 158              		.file 5 "/Users/awiebe/devkitPro/devkitARM/arm-none-eabi/include/c++/4.8.2/debug/debug.h"
 159              		.file 6 "../source/tinyUnity/PhysicsMaster.h"
 160              		.file 7 "<built-in>"
DEFINED SYMBOLS
                            *ABS*:00000000 PhysicsMaster.cpp
/var/folders/0q/0rgskkgj3ms6cdw3tql51gsc0000gv/T//ccUVcP49.s:16     .text:00000000 $a
/var/folders/0q/0rgskkgj3ms6cdw3tql51gsc0000gv/T//ccUVcP49.s:19     .text:00000000 _ZN9tinyUnity13PhysicsMasterC2Ev
/var/folders/0q/0rgskkgj3ms6cdw3tql51gsc0000gv/T//ccUVcP49.s:53     .text:00000030 $d
/var/folders/0q/0rgskkgj3ms6cdw3tql51gsc0000gv/T//ccUVcP49.s:148    .rodata:00000000 _ZTVN9tinyUnity13PhysicsMasterE
/var/folders/0q/0rgskkgj3ms6cdw3tql51gsc0000gv/T//ccUVcP49.s:19     .text:00000000 _ZN9tinyUnity13PhysicsMasterC1Ev
/var/folders/0q/0rgskkgj3ms6cdw3tql51gsc0000gv/T//ccUVcP49.s:59     .text:00000034 $a
/var/folders/0q/0rgskkgj3ms6cdw3tql51gsc0000gv/T//ccUVcP49.s:62     .text:00000034 _ZN9tinyUnity13PhysicsMasterD2Ev
/var/folders/0q/0rgskkgj3ms6cdw3tql51gsc0000gv/T//ccUVcP49.s:103    .text:00000078 $d
/var/folders/0q/0rgskkgj3ms6cdw3tql51gsc0000gv/T//ccUVcP49.s:62     .text:00000034 _ZN9tinyUnity13PhysicsMasterD1Ev
/var/folders/0q/0rgskkgj3ms6cdw3tql51gsc0000gv/T//ccUVcP49.s:109    .text:0000007c $a
/var/folders/0q/0rgskkgj3ms6cdw3tql51gsc0000gv/T//ccUVcP49.s:112    .text:0000007c _ZN9tinyUnity13PhysicsMasterD0Ev
/var/folders/0q/0rgskkgj3ms6cdw3tql51gsc0000gv/T//ccUVcP49.s:145    .rodata:00000000 $d
                     .debug_frame:00000010 $d
                           .group:00000000 wm4.1.c1d3c39fe92b3c0ea0c4445ea1455857
                           .group:00000000 wm4.newlib.h.8.30891898d18e8c5555d1f81eacc760e7
                           .group:00000000 wm4.features.h.22.6a4ca7cd053637cc1d0db6c16f39b2d7
                           .group:00000000 wm4.config.h.212.4163ef2871a828c674038d036b081cfd
                           .group:00000000 wm4._ansi.h.23.ec336385f0acb2b8514cd40ae0acc4ae
                           .group:00000000 wm4.stdlib.h.13.4ed386f5c1a80d71e72172885d946ef2
                           .group:00000000 wm4.stddef.h.184.ee8e6917b4e86549ab466905cf65c430
                           .group:00000000 wm4.stddef.h.39.14405de79e849c7e89fd312e10f494ac
                           .group:00000000 wm4._default_types.h.6.9e4229723f5523536bc8f574589d6a99
                           .group:00000000 wm4.lock.h.2.9bc98482741e5e2a9450b12934a684ea
                           .group:00000000 wm4._types.h.54.d3d34a3b7f3cc230cd159baf022b4b08
                           .group:00000000 wm4.stddef.h.158.e57d9a24f6f3b6eaa274e44743a335a7
                           .group:00000000 wm4.reent.h.17.8bd9e4098e0428508c282cad794fae43
                           .group:00000000 wm4.alloca.h.8.dfc0c703c47ec3e69746825b17d9e66d
                           .group:00000000 wm4.stdlib.h.53.1a82a3cc35cb0a04319c41bcf41d2a02
                           .group:00000000 wm4.cconfig.h.31.797f02f88fd1ddbfee82d99dd1b479e3
                           .group:00000000 wm4.cconfig.h.434.069089a5f433cea001bd4e8dc11c2229
                           .group:00000000 wm4.exception_defines.h.31.b944334bb23842f2d39bb0d8b467613a
                           .group:00000000 wm4.numeric_traits.h.30.aa01a98564b7e55086aad9e53c7e5c53
                           .group:00000000 wm4.concept_check.h.31.3d579f007de71573a5abea960f72bfb9
                           .group:00000000 wm4.move.h.145.4b06c65520ac6c631f0bce14e08d77ba
                           .group:00000000 wm4.debug.h.30.d58369f6a5680b4507179eb46c141328
                           .group:00000000 wm4.stl_iterator.h.61.cbfa7ffe68f3dce8a2b1dd0d976aa9d2
                           .group:00000000 wm4.stl_algobase.h.497.0479359017b8dfc6c11e65de61b7ec36

UNDEFINED SYMBOLS
_ZdlPv
