   1              		.cpu arm9
   2              		.fpu softvfp
   3              		.eabi_attribute 20, 1
   4              		.eabi_attribute 21, 1
   5              		.eabi_attribute 23, 3
   6              		.eabi_attribute 24, 1
   7              		.eabi_attribute 25, 1
   8              		.eabi_attribute 26, 1
   9              		.eabi_attribute 30, 4
  10              		.eabi_attribute 34, 0
  11              		.eabi_attribute 18, 4
  12              		.file	"AudioSource.cpp"
  13              		.text
  14              	.Ltext0:
  15              		.cfi_sections	.debug_frame
  16              		.align	2
  17              		.global	_ZN11AudioSourceC2Ev
  19              	_ZN11AudioSourceC2Ev:
  20              	.LFB1:
  21              		.file 1 "../source/tinyUnity/audio/AudioSource.cpp"
   1:../source/tinyUnity/audio/AudioSource.cpp **** /*
   2:../source/tinyUnity/audio/AudioSource.cpp ****  * AudioSource.cpp
   3:../source/tinyUnity/audio/AudioSource.cpp ****  *
   4:../source/tinyUnity/audio/AudioSource.cpp ****  *  Created on: 2013-06-15
   5:../source/tinyUnity/audio/AudioSource.cpp ****  *      Author: awiebe
   6:../source/tinyUnity/audio/AudioSource.cpp ****  */
   7:../source/tinyUnity/audio/AudioSource.cpp **** 
   8:../source/tinyUnity/audio/AudioSource.cpp **** #include "AudioSource.h"
   9:../source/tinyUnity/audio/AudioSource.cpp **** 
  10:../source/tinyUnity/audio/AudioSource.cpp **** AudioSource::AudioSource() {
  22              		.loc 1 10 0
  23              		.cfi_startproc
  24              		@ Function supports interworking.
  25              		@ args = 0, pretend = 0, frame = 0
  26              		@ frame_needed = 0, uses_anonymous_args = 0
  27              		@ link register save eliminated.
  28              	.LVL0:
  11:../source/tinyUnity/audio/AudioSource.cpp **** 	// TODO Auto-generated constructor stub
  12:../source/tinyUnity/audio/AudioSource.cpp **** 
  13:../source/tinyUnity/audio/AudioSource.cpp **** }
  29              		.loc 1 13 0
  30 0000 1EFF2FE1 		bx	lr
  31              		.cfi_endproc
  32              	.LFE1:
  34              		.global	_ZN11AudioSourceC1Ev
  35              		.set	_ZN11AudioSourceC1Ev,_ZN11AudioSourceC2Ev
  36              		.align	2
  37              		.global	_ZN11AudioSourceD2Ev
  39              	_ZN11AudioSourceD2Ev:
  40              	.LFB4:
  14:../source/tinyUnity/audio/AudioSource.cpp **** 
  15:../source/tinyUnity/audio/AudioSource.cpp **** AudioSource::~AudioSource() {
  41              		.loc 1 15 0
  42              		.cfi_startproc
  43              		@ Function supports interworking.
  44              		@ args = 0, pretend = 0, frame = 0
  45              		@ frame_needed = 0, uses_anonymous_args = 0
  46              		@ link register save eliminated.
  47              	.LVL1:
  16:../source/tinyUnity/audio/AudioSource.cpp **** 	// TODO Auto-generated destructor stub
  17:../source/tinyUnity/audio/AudioSource.cpp **** }
  48              		.loc 1 17 0
  49 0004 1EFF2FE1 		bx	lr
  50              		.cfi_endproc
  51              	.LFE4:
  53              		.global	_ZN11AudioSourceD1Ev
  54              		.set	_ZN11AudioSourceD1Ev,_ZN11AudioSourceD2Ev
  55              	.Letext0:
  56              		.file 2 "../source/tinyUnity/audio/AudioSource.h"
DEFINED SYMBOLS
                            *ABS*:00000000 AudioSource.cpp
/var/folders/0q/0rgskkgj3ms6cdw3tql51gsc0000gv/T//ccD353c2.s:16     .text:00000000 $a
/var/folders/0q/0rgskkgj3ms6cdw3tql51gsc0000gv/T//ccD353c2.s:19     .text:00000000 _ZN11AudioSourceC2Ev
/var/folders/0q/0rgskkgj3ms6cdw3tql51gsc0000gv/T//ccD353c2.s:19     .text:00000000 _ZN11AudioSourceC1Ev
/var/folders/0q/0rgskkgj3ms6cdw3tql51gsc0000gv/T//ccD353c2.s:39     .text:00000004 _ZN11AudioSourceD2Ev
/var/folders/0q/0rgskkgj3ms6cdw3tql51gsc0000gv/T//ccD353c2.s:39     .text:00000004 _ZN11AudioSourceD1Ev
                     .debug_frame:00000010 $d
                           .group:00000000 wm4.1.ef717f0b0fe6f53a02cd0d67063b9d5b

NO UNDEFINED SYMBOLS
