   1              		.cpu arm9
   2              		.fpu softvfp
   3              		.eabi_attribute 20, 1
   4              		.eabi_attribute 21, 1
   5              		.eabi_attribute 23, 3
   6              		.eabi_attribute 24, 1
   7              		.eabi_attribute 25, 1
   8              		.eabi_attribute 26, 1
   9              		.eabi_attribute 30, 6
  10              		.eabi_attribute 34, 0
  11              		.eabi_attribute 18, 4
  12              		.file	"templatelib.c"
  13              		.text
  14              	.Ltext0:
  15              		.cfi_sections	.debug_frame
  16              		.align	2
  17              		.global	myLibFunction
  19              	myLibFunction:
  20              	.LFB0:
  21              		.file 1 "../source/templatelib.c"
   1:../source/templatelib.c **** int myLibFunction() {
  22              		.loc 1 1 0
  23              		.cfi_startproc
  24              		@ Function supports interworking.
  25              		@ args = 0, pretend = 0, frame = 0
  26              		@ frame_needed = 1, uses_anonymous_args = 0
  27              		@ link register save eliminated.
  28 0000 04B02DE5 		str	fp, [sp, #-4]!
  29              	.LCFI0:
  30              		.cfi_def_cfa_offset 4
  31              		.cfi_offset 11, -4
  32 0004 00B08DE2 		add	fp, sp, #0
  33              	.LCFI1:
  34              		.cfi_def_cfa_register 11
   2:../source/templatelib.c **** 
   3:../source/templatelib.c **** 	
   4:../source/templatelib.c **** 	return 42;
  35              		.loc 1 4 0
  36 0008 2A30A0E3 		mov	r3, #42
   5:../source/templatelib.c **** 
   6:../source/templatelib.c **** }
  37              		.loc 1 6 0
  38 000c 0300A0E1 		mov	r0, r3
  39 0010 00D04BE2 		sub	sp, fp, #0
  40              		@ sp needed
  41 0014 04B09DE4 		ldr	fp, [sp], #4
  42 0018 1EFF2FE1 		bx	lr
  43              		.cfi_endproc
  44              	.LFE0:
  46              	.Letext0:
DEFINED SYMBOLS
                            *ABS*:00000000 templatelib.c
/var/folders/0q/0rgskkgj3ms6cdw3tql51gsc0000gv/T//cctDsc6R.s:16     .text:00000000 $a
/var/folders/0q/0rgskkgj3ms6cdw3tql51gsc0000gv/T//cctDsc6R.s:19     .text:00000000 myLibFunction
                     .debug_frame:00000010 $d
                           .group:00000000 wm4.1.ee5167ed0731fd2f1c2a1079c42a1d88

NO UNDEFINED SYMBOLS
